[24/5/2026, 1:50:19 a. m.] 
      =============================
      NUEVA CONFIRMACIÓN #6
      Cliente:            Kimberly Celada
      Email:              monicapar14@gmail.com
      Servicios:          Preparación de terreno, Fumigación agrícola
      Productos:          Bomba fumigadora, Insecticida agrícola, Azadón agrícola
      Descuento servicios: 0.05%
      Descuento productos: 0.03%
      =============================
    
[24/5/2026, 8:59:18 p. m.] 
      =============================
      NUEVA CONFIRMACIÓN #8
      Cliente:            Daniel Salguero
      Email:              daniel04@gmail.com
      Servicios:          Podas agrícolas
      Productos:          Fungicida sistémico, Fertilizante NPK, Semilla de frijol, Bomba fumigadora, Botas de hule
      Descuento servicios: 0.00%
      Descuento productos: 0.05%
      =============================
    
[24/5/2026, 8:59:20 p. m.] 
      =============================
      NUEVA CONFIRMACIÓN #7
      Cliente:            Juan Perez
      Email:              juan@gmail.com
      Servicios:          Siembra mecanizada, Fumigación agrícola
      Productos:          Tanque para agua
      Descuento servicios: 0.03%
      Descuento productos: 0.00%
      =============================
    
[24/5/2026, 9:12:47 p. m.] 
      =============================
      NUEVA CONFIRMACIÓN #10
      Cliente:            Luisa Lopez
      Email:              lp@gmail.com
      Servicios:          Fumigación agrícola, Instalación de riego, Cosecha manual, Podas agrícolas
      Productos:          Herbicida total
      Descuento servicios: 0.00%
      Descuento productos: 0.00%
      =============================
    
[24/5/2026, 9:24:46 p. m.] 
      =============================
      NUEVA CONFIRMACIÓN #11
      Cliente:            t u
      Email:              tu@gmail.com
      Servicios:          Mantenimiento de cultivos, Producción de almácigos
      Productos:          Semilla de frijol, Bomba fumigadora, Sistema de riego por goteo
      Descuento servicios: 0.03%
      Descuento productos: 0.03%
      =============================
    
[24/5/2026, 9:36:29 p. m.] 
      =============================
      NUEVA CONFIRMACIÓN #14
      Cliente:            ddf qwww
      Email:              sss@gmail.com
      Servicios:          Fumigación agrícola, Análisis de suelo, Cosecha mecanizada
      Productos:          Fungicida sistémico, Urea agrícola
      Descuento servicios: 0.05%
      Descuento productos: 0.00%
      =============================
    
